[2026-06-01 16:25:25.764 +00:00] [INF] [6] Emby.Server.Implementations.AppBase.BaseConfigurationManager: Setting cache path: "/cache"
[2026-06-01 16:25:25.962 +00:00] [INF] [11] Jellyfin.Server.ServerSetupApp.SetupServer: Kestrel is listening on "0.0.0.0"
[2026-06-01 16:25:25.991 +00:00] [INF] [11] Main: Jellyfin version: "10.11.10"
[2026-06-01 16:25:25.995 +00:00] [INF] [11] Main: Environment Variables: ["[JELLYFIN_LOG_DIR, /config/log]", "[JELLYFIN_FFMPEG, /usr/lib/jellyfin-ffmpeg/ffmpeg]", "[JELLYFIN_WEB_DIR, /jellyfin/jellyfin-web]", "[JELLYFIN_CONFIG_DIR, /config/config]", "[JELLYFIN_PublishedServerUrl, http://100.102.249.11]", "[JELLYFIN_CACHE_DIR, /cache]", "[JELLYFIN_DATA_DIR, /config]"]
[2026-06-01 16:25:25.997 +00:00] [INF] [11] Main: Arguments: ["/jellyfin/jellyfin.dll"]
[2026-06-01 16:25:25.997 +00:00] [INF] [11] Main: Operating system: "Debian GNU/Linux 13 (trixie)"
[2026-06-01 16:25:25.997 +00:00] [INF] [11] Main: Architecture: X64
[2026-06-01 16:25:25.998 +00:00] [INF] [11] Main: 64-Bit Process: True
[2026-06-01 16:25:25.998 +00:00] [INF] [11] Main: User Interactive: True
[2026-06-01 16:25:25.998 +00:00] [INF] [11] Main: Processor count: 4
[2026-06-01 16:25:25.998 +00:00] [INF] [11] Main: Program data path: "/config"
[2026-06-01 16:25:25.998 +00:00] [INF] [11] Main: Log directory path: "/config/log"
[2026-06-01 16:25:25.998 +00:00] [INF] [11] Main: Config directory path: "/config/config"
[2026-06-01 16:25:25.998 +00:00] [INF] [11] Main: Cache path: "/cache"
[2026-06-01 16:25:25.998 +00:00] [INF] [11] Main: Temp directory path: "/tmp/jellyfin"
[2026-06-01 16:25:25.998 +00:00] [INF] [11] Main: Web resources path: "/jellyfin/jellyfin-web"
[2026-06-01 16:25:25.998 +00:00] [INF] [11] Main: Application directory: "/jellyfin/"
[2026-06-01 16:25:26.015 +00:00] [INF] [11] Jellyfin.Server.Startup: Storage path `"/config/data"` (Fixed) successfully checked with "422.8GiB" free which is over the minimum of "2GiB".
[2026-06-01 16:25:26.015 +00:00] [INF] [11] Jellyfin.Server.Startup: Storage path `"/cache"` (Fixed) successfully checked with "422.8GiB" free which is over the minimum of "2GiB".
[2026-06-01 16:25:26.015 +00:00] [INF] [11] Jellyfin.Server.Startup: Storage path `"/config"` (Fixed) successfully checked with "422.8GiB" free which is over the minimum of "2GiB".
[2026-06-01 16:25:26.062 +00:00] [INF] [11] Emby.Server.Implementations.AppBase.BaseConfigurationManager: Setting cache path: "/cache"
[2026-06-01 16:25:26.132 +00:00] [INF] [11] Jellyfin.Database.Providers.Sqlite.SqliteDatabaseProvider: SQLite connection string: "Data Source=/config/data/jellyfin.db;Cache=Default;Default Timeout=30;Pooling=True"
[2026-06-01 16:25:26.139 +00:00] [INF] [11] Jellyfin.Database.Providers.Sqlite.SqliteDatabaseProvider: SQLITE connection pragma command set to: 
"PRAGMA locking_mode=NORMAL;
PRAGMA journal_size_limit=134217728;
PRAGMA synchronous=1;
PRAGMA temp_store=2;
"
[2026-06-01 16:25:26.140 +00:00] [INF] [11] Jellyfin.Database.Implementations.Locking.NoLockBehavior: The database locking mode has been set to: NoLock.
[2026-06-01 16:25:26.176 +00:00] [INF] [11] Jellyfin.Server.Migrations.JellyfinMigrationService: Initialise Migration service.
[2026-06-01 16:25:26.177 +00:00] [INF] [11] Jellyfin.Server.Migrations.JellyfinMigrationService: System initialisation detected. Seed data.
[2026-06-01 16:25:27.561 +00:00] [INF] [11] Jellyfin.Server.Migrations.JellyfinMigrationService: Seed migration null-"UpdateNormalizedUsername".
[2026-06-01 16:25:27.565 +00:00] [INF] [11] Jellyfin.Server.Migrations.JellyfinMigrationService: Seed migration null-"CleanMusicArtist".
[2026-06-01 16:25:27.565 +00:00] [INF] [11] Jellyfin.Server.Migrations.JellyfinMigrationService: Seed migration ef103419-8451-40d8-9f34-d1a8e93a1679-"CreateUserLoggingConfigFile".
[2026-06-01 16:25:27.568 +00:00] [INF] [11] Jellyfin.Server.Migrations.JellyfinMigrationService: Seed migration 4124c2cd-e939-4ffb-9be9-9b311c413638-"DisableTranscodingThrottling".
[2026-06-01 16:25:27.568 +00:00] [INF] [11] Jellyfin.Server.Migrations.JellyfinMigrationService: Seed migration cf6fabc2-9fbe-4933-84a5-ffe52ef22a58-"FixAudioData".
[2026-06-01 16:25:27.568 +00:00] [INF] [11] Jellyfin.Server.Migrations.JellyfinMigrationService: Seed migration null-"FixDates".
[2026-06-01 16:25:27.568 +00:00] [INF] [11] Jellyfin.Server.Migrations.JellyfinMigrationService: Seed migration null-"FixLibrarySubtitleDownloadLanguages".
[2026-06-01 16:25:27.568 +00:00] [INF] [11] Jellyfin.Server.Migrations.JellyfinMigrationService: Seed migration 615dfa9e-2497-4dbb-a472-61938b752c5b-"FixPlaylistOwner".
[2026-06-01 16:25:27.569 +00:00] [INF] [11] Jellyfin.Server.Migrations.JellyfinMigrationService: Seed migration 3793eb59-bc8c-456c-8b9f-bd5a62a42978-"MigrateActivityLogDb".
[2026-06-01 16:25:27.569 +00:00] [INF] [11] Jellyfin.Server.Migrations.JellyfinMigrationService: Seed migration 5bd72f41-e6f3-4f60-90aa-09869abe0e22-"MigrateAuthenticationDb".
[2026-06-01 16:25:27.569 +00:00] [INF] [11] Jellyfin.Server.Migrations.JellyfinMigrationService: Seed migration 06387815-c3cc-421f-a888-fb5f9992bea8-"MigrateDisplayPreferencesDb".
[2026-06-01 16:25:27.569 +00:00] [INF] [11] Jellyfin.Server.Migrations.JellyfinMigrationService: Seed migration null-"MigrateKeyframeData".
[2026-06-01 16:25:27.569 +00:00] [INF] [11] Jellyfin.Server.Migrations.JellyfinMigrationService: Seed migration null-"MigrateLibraryDb".
[2026-06-01 16:25:27.570 +00:00] [INF] [11] Jellyfin.Server.Migrations.JellyfinMigrationService: Seed migration null-"MigrateLibraryDbCompatibilityCheck".
[2026-06-01 16:25:27.570 +00:00] [INF] [11] Jellyfin.Server.Migrations.JellyfinMigrationService: Seed migration null-"MigrateLibraryUserData".
[2026-06-01 16:25:27.570 +00:00] [INF] [11] Jellyfin.Server.Migrations.JellyfinMigrationService: Seed migration null-"MigrateRatingLevels".
[2026-06-01 16:25:27.570 +00:00] [INF] [11] Jellyfin.Server.Migrations.JellyfinMigrationService: Seed migration 5c4b82a2-f053-4009-bd05-b6fcad82f14c-"MigrateUserDb".
[2026-06-01 16:25:27.570 +00:00] [INF] [11] Jellyfin.Server.Migrations.JellyfinMigrationService: Seed migration null-"MoveExtractedFiles".
[2026-06-01 16:25:27.570 +00:00] [INF] [11] Jellyfin.Server.Migrations.JellyfinMigrationService: Seed migration null-"RefreshInternalDateModified".
[2026-06-01 16:25:27.571 +00:00] [INF] [11] Jellyfin.Server.Migrations.JellyfinMigrationService: Seed migration a81f75e0-8f43-416f-a5e8-516ccab4d8cc-"RemoveDownloadImagesInAdvance".
[2026-06-01 16:25:27.571 +00:00] [INF] [11] Jellyfin.Server.Migrations.JellyfinMigrationService: Seed migration acbe17b7-8435-4a83-8b64-6fcf162cb9bd-"RemoveDuplicateExtras".
[2026-06-01 16:25:27.571 +00:00] [INF] [11] Jellyfin.Server.Migrations.JellyfinMigrationService: Seed migration 96c156a2-7a13-4b3b-a8b8-fb80c94d20c0-"RemoveDuplicatePlaylistChildren".
[2026-06-01 16:25:27.571 +00:00] [INF] [11] Jellyfin.Server.Migrations.JellyfinMigrationService: Seed migration null-"ReseedFolderFlag".
[2026-06-01 16:25:27.571 +00:00] [INF] [11] Jellyfin.Server.Migrations.JellyfinMigrationService: Seed migration 9b354818-94d5-4b68-ac49-e35cb85f9d84-"CreateNetworkConfiguration".
[2026-06-01 16:25:27.572 +00:00] [INF] [11] Jellyfin.Server.Migrations.JellyfinMigrationService: Seed migration a8e61960-7726-4450-8f3d-82c12daabbcb-"MigrateEncodingOptions".
[2026-06-01 16:25:27.572 +00:00] [INF] [11] Jellyfin.Server.Migrations.JellyfinMigrationService: Seed migration a6dcacf4-c057-4ef9-80d3-61cef9ddb4f0-"MigrateMusicBrainzTimeout".
[2026-06-01 16:25:27.572 +00:00] [INF] [11] Jellyfin.Server.Migrations.JellyfinMigrationService: Seed migration 4fb5c950-1991-11ee-9b4b-0800200c9a66-"MigrateNetworkConfiguration".
[2026-06-01 16:25:27.572 +00:00] [INF] [11] Jellyfin.Server.Migrations.JellyfinMigrationService: Seed migration e73b777d-cd5c-4e71-957a-b86b3660b7cf-"RenameEnableGroupingIntoCollections".
[2026-06-01 16:25:27.579 +00:00] [INF] [11] Jellyfin.Server.Migrations.JellyfinMigrationService: Migration system initialisation completed.
[2026-06-01 16:25:27.587 +00:00] [INF] [11] Jellyfin.Server.Migrations.JellyfinMigrationService: There are 0 migrations for stage PreInitialisation.
[2026-06-01 16:25:27.593 +00:00] [INF] [11] Emby.Server.Implementations.AppBase.BaseConfigurationManager: Setting cache path: "/cache"
[2026-06-01 16:25:27.601 +00:00] [INF] [11] Emby.Server.Implementations.ApplicationHost: Loading assemblies
[2026-06-01 16:25:27.639 +00:00] [INF] [11] Jellyfin.Networking.Manager.NetworkManager: Defined LAN subnets: ["127.0.0.1/8", "10.0.0.0/8", "172.16.0.0/12", "192.168.0.0/16"]
[2026-06-01 16:25:27.639 +00:00] [INF] [11] Jellyfin.Networking.Manager.NetworkManager: Defined LAN exclusions: []
[2026-06-01 16:25:27.640 +00:00] [INF] [11] Jellyfin.Networking.Manager.NetworkManager: Used LAN subnets: ["127.0.0.1/8", "10.0.0.0/8", "172.16.0.0/12", "192.168.0.0/16"]
[2026-06-01 16:25:27.641 +00:00] [INF] [11] Jellyfin.Networking.Manager.NetworkManager: Filtered interface addresses: ["127.0.0.1", "172.19.0.2"]
[2026-06-01 16:25:27.641 +00:00] [INF] [11] Jellyfin.Networking.Manager.NetworkManager: Bind Addresses ["0.0.0.0"]
[2026-06-01 16:25:27.641 +00:00] [INF] [11] Jellyfin.Networking.Manager.NetworkManager: Remote IP filter is "Allowlist"
[2026-06-01 16:25:27.641 +00:00] [INF] [11] Jellyfin.Networking.Manager.NetworkManager: Filtered subnets: []
[2026-06-01 16:25:27.716 +00:00] [INF] [11] Jellyfin.Database.Providers.Sqlite.SqliteDatabaseProvider: SQLite connection string: "Data Source=/config/data/jellyfin.db;Cache=Default;Default Timeout=30;Pooling=True"
[2026-06-01 16:25:27.716 +00:00] [INF] [11] Jellyfin.Database.Providers.Sqlite.SqliteDatabaseProvider: SQLITE connection pragma command set to: 
"PRAGMA locking_mode=NORMAL;
PRAGMA journal_size_limit=134217728;
PRAGMA synchronous=1;
PRAGMA temp_store=2;
"
[2026-06-01 16:25:27.716 +00:00] [INF] [11] Jellyfin.Database.Implementations.Locking.NoLockBehavior: The database locking mode has been set to: NoLock.
[2026-06-01 16:25:27.722 +00:00] [INF] [11] Main: Prepare system for possible migrations
[2026-06-01 16:25:27.758 +00:00] [INF] [11] Main: A migration will attempt to modify the jellyfin.db, will attempt to backup the file now.
[2026-06-01 16:25:27.759 +00:00] [INF] [11] Main: Jellyfin database has been backed up as "20260601042527"
[2026-06-01 16:25:27.769 +00:00] [INF] [11] Jellyfin.Server.Migrations.JellyfinMigrationService: There are 0 migrations for stage CoreInitialisation.
[2026-06-01 16:25:27.771 +00:00] [INF] [11] InternalDatabaseMigration: Perform migration "20200514181226_AddActivityLog"
[2026-06-01 16:25:27.814 +00:00] [INF] [11] InternalDatabaseMigration: Migration "20200514181226_AddActivityLog" was successfully applied
[2026-06-01 16:25:27.814 +00:00] [INF] [11] InternalDatabaseMigration: Perform migration "20200613202153_AddUsers"
[2026-06-01 16:25:27.847 +00:00] [INF] [11] InternalDatabaseMigration: Migration "20200613202153_AddUsers" was successfully applied
[2026-06-01 16:25:27.847 +00:00] [INF] [11] InternalDatabaseMigration: Perform migration "20200728005145_AddDisplayPreferences"
[2026-06-01 16:25:27.870 +00:00] [INF] [11] InternalDatabaseMigration: Migration "20200728005145_AddDisplayPreferences" was successfully applied
[2026-06-01 16:25:27.870 +00:00] [INF] [11] InternalDatabaseMigration: Perform migration "20200905220533_FixDisplayPreferencesIndex"
[2026-06-01 16:25:27.880 +00:00] [INF] [11] InternalDatabaseMigration: Migration "20200905220533_FixDisplayPreferencesIndex" was successfully applied
[2026-06-01 16:25:27.880 +00:00] [INF] [11] InternalDatabaseMigration: Perform migration "20201004171403_AddMaxActiveSessions"
[2026-06-01 16:25:27.896 +00:00] [INF] [11] InternalDatabaseMigration: Migration "20201004171403_AddMaxActiveSessions" was successfully applied
[2026-06-01 16:25:27.896 +00:00] [INF] [11] InternalDatabaseMigration: Perform migration "20201204223655_AddCustomDisplayPreferences"
[2026-06-01 16:25:27.926 +00:00] [INF] [11] InternalDatabaseMigration: Migration "20201204223655_AddCustomDisplayPreferences" was successfully applied
[2026-06-01 16:25:27.926 +00:00] [INF] [11] InternalDatabaseMigration: Perform migration "20210320181425_AddIndexesAndCollations"
[2026-06-01 16:25:27.950 +00:00] [WRN] [11] Microsoft.EntityFrameworkCore.Migrations: An operation of type '"SqlOperation"' will be attempted while a rebuild of table '"ImageInfos"' is pending. The database may not be in an expected state. Review the SQL generated by this migration to help diagnose any failures. Consider moving these operations to a subsequent migration.
[2026-06-01 16:25:27.951 +00:00] [WRN] [11] Microsoft.EntityFrameworkCore.Migrations: An operation of type '"SqlOperation"' will be attempted while a rebuild of table '"ImageInfos"' is pending. The database may not be in an expected state. Review the SQL generated by this migration to help diagnose any failures. Consider moving these operations to a subsequent migration.
[2026-06-01 16:25:27.953 +00:00] [WRN] [11] Microsoft.EntityFrameworkCore.Migrations: An operation of type '"SqlOperation"' will be attempted while a rebuild of table '"Permissions"' is pending. The database may not be in an expected state. Review the SQL generated by this migration to help diagnose any failures. Consider moving these operations to a subsequent migration.
[2026-06-01 16:25:27.953 +00:00] [WRN] [11] Microsoft.EntityFrameworkCore.Migrations: An operation of type '"SqlOperation"' will be attempted while a rebuild of table '"Permissions"' is pending. The database may not be in an expected state. Review the SQL generated by this migration to help diagnose any failures. Consider moving these operations to a subsequent migration.
[2026-06-01 16:25:27.953 +00:00] [WRN] [11] Microsoft.EntityFrameworkCore.Migrations: An operation of type '"SqlOperation"' will be attempted while a rebuild of table '"Preferences"' is pending. The database may not be in an expected state. Review the SQL generated by this migration to help diagnose any failures. Consider moving these operations to a subsequent migration.
[2026-06-01 16:25:27.953 +00:00] [WRN] [11] Microsoft.EntityFrameworkCore.Migrations: An operation of type '"SqlOperation"' will be attempted while a rebuild of table '"Preferences"' is pending. The database may not be in an expected state. Review the SQL generated by this migration to help diagnose any failures. Consider moving these operations to a subsequent migration.
[2026-06-01 16:25:27.954 +00:00] [WRN] [11] Microsoft.EntityFrameworkCore.Migrations: An operation of type '"SqlOperation"' will be attempted while a rebuild of table '"Users"' is pending. The database may not be in an expected state. Review the SQL generated by this migration to help diagnose any failures. Consider moving these operations to a subsequent migration.
[2026-06-01 16:25:27.954 +00:00] [WRN] [11] Microsoft.EntityFrameworkCore.Migrations: An operation of type '"SqlOperation"' will be attempted while a rebuild of table '"Users"' is pending. The database may not be in an expected state. Review the SQL generated by this migration to help diagnose any failures. Consider moving these operations to a subsequent migration.
[2026-06-01 16:25:27.964 +00:00] [INF] [11] InternalDatabaseMigration: Migration "20210320181425_AddIndexesAndCollations" was successfully applied
[2026-06-01 16:25:27.964 +00:00] [INF] [11] InternalDatabaseMigration: Perform migration "20210407110544_NullableCustomPrefValue"
[2026-06-01 16:25:27.981 +00:00] [INF] [11] InternalDatabaseMigration: Migration "20210407110544_NullableCustomPrefValue" was successfully applied
[2026-06-01 16:25:27.981 +00:00] [INF] [11] InternalDatabaseMigration: Perform migration "20210814002109_AddDevices"
[2026-06-01 16:25:27.997 +00:00] [INF] [11] InternalDatabaseMigration: Migration "20210814002109_AddDevices" was successfully applied
[2026-06-01 16:25:27.997 +00:00] [INF] [11] InternalDatabaseMigration: Perform migration "20221022080052_AddIndexActivityLogsDateCreated"
[2026-06-01 16:25:28.009 +00:00] [INF] [11] InternalDatabaseMigration: Migration "20221022080052_AddIndexActivityLogsDateCreated" was successfully applied
[2026-06-01 16:25:28.009 +00:00] [INF] [11] InternalDatabaseMigration: Perform migration "20230526173516_RemoveEasyPassword"
[2026-06-01 16:25:28.042 +00:00] [INF] [11] InternalDatabaseMigration: Migration "20230526173516_RemoveEasyPassword" was successfully applied
[2026-06-01 16:25:28.042 +00:00] [INF] [11] InternalDatabaseMigration: Perform migration "20230626233818_AddTrickplayInfos"
[2026-06-01 16:25:28.056 +00:00] [INF] [11] InternalDatabaseMigration: Migration "20230626233818_AddTrickplayInfos" was successfully applied
[2026-06-01 16:25:28.056 +00:00] [INF] [11] InternalDatabaseMigration: Perform migration "20230923170422_UserCastReceiver"
[2026-06-01 16:25:28.069 +00:00] [INF] [11] InternalDatabaseMigration: Migration "20230923170422_UserCastReceiver" was successfully applied
[2026-06-01 16:25:28.069 +00:00] [INF] [11] InternalDatabaseMigration: Perform migration "20240729140605_AddMediaSegments"
[2026-06-01 16:25:28.084 +00:00] [INF] [11] InternalDatabaseMigration: Migration "20240729140605_AddMediaSegments" was successfully applied
[2026-06-01 16:25:28.084 +00:00] [INF] [11] InternalDatabaseMigration: Perform migration "20240928082930_MarkSegmentProviderIdNonNullable"
[2026-06-01 16:25:28.107 +00:00] [INF] [11] InternalDatabaseMigration: Migration "20240928082930_MarkSegmentProviderIdNonNullable" was successfully applied
[2026-06-01 16:25:28.107 +00:00] [INF] [11] InternalDatabaseMigration: Perform migration "20241020103111_LibraryDbMigration"
[2026-06-01 16:25:28.169 +00:00] [INF] [11] InternalDatabaseMigration: Migration "20241020103111_LibraryDbMigration" was successfully applied
[2026-06-01 16:25:28.169 +00:00] [INF] [11] InternalDatabaseMigration: Perform migration "20241111131257_AddedCustomDataKey"
[2026-06-01 16:25:28.197 +00:00] [INF] [11] InternalDatabaseMigration: Migration "20241111131257_AddedCustomDataKey" was successfully applied
[2026-06-01 16:25:28.197 +00:00] [INF] [11] InternalDatabaseMigration: Perform migration "20241111135439_AddedCustomDataKeyKey"
[2026-06-01 16:25:28.247 +00:00] [INF] [11] InternalDatabaseMigration: Migration "20241111135439_AddedCustomDataKeyKey" was successfully applied
[2026-06-01 16:25:28.247 +00:00] [INF] [11] InternalDatabaseMigration: Perform migration "20241112152323_FixAncestorIdConfig"
[2026-06-01 16:25:28.298 +00:00] [INF] [11] InternalDatabaseMigration: Migration "20241112152323_FixAncestorIdConfig" was successfully applied
[2026-06-01 16:25:28.298 +00:00] [INF] [11] InternalDatabaseMigration: Perform migration "20241112232041_FixMediaStreams"
[2026-06-01 16:25:28.358 +00:00] [INF] [11] InternalDatabaseMigration: Migration "20241112232041_FixMediaStreams" was successfully applied
[2026-06-01 16:25:28.358 +00:00] [INF] [11] InternalDatabaseMigration: Perform migration "20241112234144_FixMediaStreams2"
[2026-06-01 16:25:28.409 +00:00] [INF] [11] InternalDatabaseMigration: Migration "20241112234144_FixMediaStreams2" was successfully applied
[2026-06-01 16:25:28.409 +00:00] [INF] [11] InternalDatabaseMigration: Perform migration "20241113133548_EnforceUniqueItemValue"
[2026-06-01 16:25:28.435 +00:00] [INF] [11] InternalDatabaseMigration: Migration "20241113133548_EnforceUniqueItemValue" was successfully applied
[2026-06-01 16:25:28.435 +00:00] [INF] [11] InternalDatabaseMigration: Perform migration "20250202021306_FixedCollation"
[2026-06-01 16:25:28.489 +00:00] [INF] [11] InternalDatabaseMigration: Migration "20250202021306_FixedCollation" was successfully applied
[2026-06-01 16:25:28.489 +00:00] [INF] [11] InternalDatabaseMigration: Perform migration "20250204092455_MakeStartEndDateNullable"
[2026-06-01 16:25:28.545 +00:00] [INF] [11] InternalDatabaseMigration: Migration "20250204092455_MakeStartEndDateNullable" was successfully applied
[2026-06-01 16:25:28.545 +00:00] [INF] [11] InternalDatabaseMigration: Perform migration "20250214031148_ChannelIdGuid"
[2026-06-01 16:25:28.575 +00:00] [INF] [11] InternalDatabaseMigration: Migration "20250214031148_ChannelIdGuid" was successfully applied
[2026-06-01 16:25:28.575 +00:00] [INF] [11] InternalDatabaseMigration: Perform migration "20250326065026_AddInheritedParentalRatingSubValue"
[2026-06-01 16:25:28.607 +00:00] [INF] [11] InternalDatabaseMigration: Migration "20250326065026_AddInheritedParentalRatingSubValue" was successfully applied
[2026-06-01 16:25:28.607 +00:00] [INF] [11] InternalDatabaseMigration: Perform migration "20250327101120_AddKeyframeData"
[2026-06-01 16:25:28.636 +00:00] [INF] [11] InternalDatabaseMigration: Migration "20250327101120_AddKeyframeData" was successfully applied
[2026-06-01 16:25:28.636 +00:00] [INF] [11] InternalDatabaseMigration: Perform migration "20250327171413_AddHdr10PlusFlag"
[2026-06-01 16:25:28.664 +00:00] [INF] [11] InternalDatabaseMigration: Migration "20250327171413_AddHdr10PlusFlag" was successfully applied
[2026-06-01 16:25:28.664 +00:00] [INF] [11] InternalDatabaseMigration: Perform migration "20250331182844_FixAttachmentMigration"
[2026-06-01 16:25:28.718 +00:00] [INF] [11] InternalDatabaseMigration: Migration "20250331182844_FixAttachmentMigration" was successfully applied
[2026-06-01 16:25:28.718 +00:00] [INF] [11] InternalDatabaseMigration: Perform migration "20250401142247_FixAncestors"
[2026-06-01 16:25:28.745 +00:00] [INF] [11] InternalDatabaseMigration: Migration "20250401142247_FixAncestors" was successfully applied
[2026-06-01 16:25:28.745 +00:00] [INF] [11] InternalDatabaseMigration: Perform migration "20250405075612_FixItemValuesIndices"
[2026-06-01 16:25:28.775 +00:00] [INF] [11] InternalDatabaseMigration: Migration "20250405075612_FixItemValuesIndices" was successfully applied
[2026-06-01 16:25:28.775 +00:00] [INF] [11] InternalDatabaseMigration: Perform migration "20250609115616_DetachUserDataInsteadOfDelete"
[2026-06-01 16:25:28.831 +00:00] [INF] [11] InternalDatabaseMigration: Migration "20250609115616_DetachUserDataInsteadOfDelete" was successfully applied
[2026-06-01 16:25:28.831 +00:00] [INF] [11] InternalDatabaseMigration: Perform migration "20250622170802_BaseItemImageInfoDateModifiedNullable"
[2026-06-01 16:25:28.886 +00:00] [INF] [11] InternalDatabaseMigration: Migration "20250622170802_BaseItemImageInfoDateModifiedNullable" was successfully applied
[2026-06-01 16:25:28.886 +00:00] [INF] [11] InternalDatabaseMigration: Perform migration "20250714044826_ResetJournalMode"
[2026-06-01 16:25:28.914 +00:00] [INF] [11] InternalDatabaseMigration: Migration "20250714044826_ResetJournalMode" was successfully applied
[2026-06-01 16:25:28.914 +00:00] [INF] [11] InternalDatabaseMigration: Perform migration "20250913211637_AddProperParentChildRelationBaseItemWithCascade"
[2026-06-01 16:25:28.977 +00:00] [INF] [11] InternalDatabaseMigration: Migration "20250913211637_AddProperParentChildRelationBaseItemWithCascade" was successfully applied
[2026-06-01 16:25:28.977 +00:00] [INF] [11] InternalDatabaseMigration: Perform migration "20250925203415_ExtendPeopleMapKey"
[2026-06-01 16:25:29.027 +00:00] [INF] [11] InternalDatabaseMigration: Migration "20250925203415_ExtendPeopleMapKey" was successfully applied
[2026-06-01 16:25:29.027 +00:00] [INF] [11] InternalDatabaseMigration: Perform migration "20260522092303_AddNormalizedUsername"
[2026-06-01 16:25:29.056 +00:00] [INF] [11] InternalDatabaseMigration: Migration "20260522092303_AddNormalizedUsername" was successfully applied
[2026-06-01 16:25:29.056 +00:00] [INF] [11] InternalDatabaseMigration: Perform migration "20260524120336_AddUniqueNormalizedUsernameIndex"
[2026-06-01 16:25:29.084 +00:00] [INF] [11] InternalDatabaseMigration: Migration "20260524120336_AddUniqueNormalizedUsernameIndex" was successfully applied
[2026-06-01 16:25:29.323 +00:00] [INF] [11] Emby.Server.Implementations.AppBase.BaseConfigurationManager: Saving system configuration
[2026-06-01 16:25:29.324 +00:00] [INF] [11] Emby.Server.Implementations.AppBase.BaseConfigurationManager: Setting cache path: "/cache"
[2026-06-01 16:25:29.328 +00:00] [INF] [11] Emby.Server.Implementations.Plugins.PluginManager: Loaded plugin: "TMDb" "10.11.10.0"
[2026-06-01 16:25:29.329 +00:00] [INF] [11] Emby.Server.Implementations.Plugins.PluginManager: Loaded plugin: "Studio Images" "10.11.10.0"
[2026-06-01 16:25:29.329 +00:00] [INF] [11] Emby.Server.Implementations.Plugins.PluginManager: Loaded plugin: "OMDb" "10.11.10.0"
[2026-06-01 16:25:29.340 +00:00] [INF] [11] Emby.Server.Implementations.Plugins.PluginManager: Loaded plugin: "MusicBrainz" "10.11.10.0"
[2026-06-01 16:25:29.340 +00:00] [INF] [11] Emby.Server.Implementations.Plugins.PluginManager: Loaded plugin: "AudioDB" "10.11.10.0"
[2026-06-01 16:25:29.390 +00:00] [INF] [11] Jellyfin.Server.Migrations.JellyfinMigrationService: There are 5 migrations for stage AppInitialisation.
[2026-06-01 16:25:29.390 +00:00] [INF] [11] InternalCodeMigration: Perform migration "20250420090000_AddDefaultPluginRepository"
[2026-06-01 16:25:29.393 +00:00] [INF] [11] Emby.Server.Implementations.AppBase.BaseConfigurationManager: Saving system configuration
[2026-06-01 16:25:29.394 +00:00] [INF] [11] Emby.Server.Implementations.AppBase.BaseConfigurationManager: Setting cache path: "/cache"
[2026-06-01 16:25:29.394 +00:00] [INF] [11] InternalCodeMigration: Migration "20250420090000_AddDefaultPluginRepository" was successfully applied
[2026-06-01 16:25:29.394 +00:00] [INF] [11] InternalCodeMigration: Perform migration "20250420110000_ReaddDefaultPluginRepository"
[2026-06-01 16:25:29.395 +00:00] [INF] [11] InternalCodeMigration: Migration "20250420110000_ReaddDefaultPluginRepository" was successfully applied
[2026-06-01 16:25:29.395 +00:00] [INF] [11] InternalCodeMigration: Perform migration "20250420160000_AddDefaultCastReceivers"
[2026-06-01 16:25:29.396 +00:00] [INF] [11] Emby.Server.Implementations.AppBase.BaseConfigurationManager: Saving system configuration
[2026-06-01 16:25:29.396 +00:00] [INF] [11] Emby.Server.Implementations.AppBase.BaseConfigurationManager: Setting cache path: "/cache"
[2026-06-01 16:25:29.397 +00:00] [INF] [11] InternalCodeMigration: Migration "20250420160000_AddDefaultCastReceivers" was successfully applied
[2026-06-01 16:25:29.397 +00:00] [INF] [11] InternalCodeMigration: Perform migration "20250420170000_UpdateDefaultPluginRepository"
[2026-06-01 16:25:29.398 +00:00] [INF] [11] Emby.Server.Implementations.AppBase.BaseConfigurationManager: Saving system configuration
[2026-06-01 16:25:29.398 +00:00] [INF] [11] Emby.Server.Implementations.AppBase.BaseConfigurationManager: Setting cache path: "/cache"
[2026-06-01 16:25:29.398 +00:00] [INF] [11] InternalCodeMigration: Migration "20250420170000_UpdateDefaultPluginRepository" was successfully applied
[2026-06-01 16:25:29.398 +00:00] [INF] [11] InternalCodeMigration: Perform migration "20250420230000_MoveTrickplayFiles"
[2026-06-01 16:25:29.924 +00:00] [INF] [11] Jellyfin.Server.Migrations.Routines.MoveTrickplayFiles: Checked: 5000 - Moved: 0 - Time: 00:00:00.5235225
[2026-06-01 16:25:29.925 +00:00] [INF] [11] Jellyfin.Server.Migrations.Routines.MoveTrickplayFiles: Moved 0 items in 00:00:00.5251806
[2026-06-01 16:25:29.926 +00:00] [INF] [11] InternalCodeMigration: Migration "20250420230000_MoveTrickplayFiles" was successfully applied
[2026-06-01 16:25:29.927 +00:00] [INF] [11] Main: Attempt to cleanup JellyfinDb backup.
[2026-06-01 16:25:29.980 +00:00] [INF] [4] Main: Kestrel is listening on "0.0.0.0"
[2026-06-01 16:25:30.002 +00:00] [WRN] [11] Microsoft.AspNetCore.DataProtection.KeyManagement.XmlKeyManager: No XML encryptor configured. Key {08c88a0f-7934-47f6-9d0b-2700a0cc4d47} may be persisted to storage in unencrypted form.
[2026-06-01 16:25:30.577 +00:00] [WRN] [4] Microsoft.AspNetCore.StaticFiles.StaticFileMiddleware: The WebRootPath was not found: "/wwwroot". Static files may be unavailable.
[2026-06-01 16:25:31.133 +00:00] [INF] [4] Emby.Server.Implementations.ApplicationHost: Running startup tasks
[2026-06-01 16:25:31.145 +00:00] [INF] [4] Emby.Server.Implementations.ScheduledTasks.TaskManager: Daily trigger for "Generate Trickplay Images" set to fire at 2026-06-02 03:00:00.000 +00:00, which is 10:34:28.8545546 from now.
[2026-06-01 16:25:31.148 +00:00] [INF] [4] Emby.Server.Implementations.ScheduledTasks.TaskManager: Daily trigger for "Extract Chapter Images" set to fire at 2026-06-02 02:00:00.000 +00:00, which is 09:34:28.8515452 from now.
[2026-06-01 16:25:31.182 +00:00] [INF] [4] MediaBrowser.MediaEncoding.Encoder.MediaEncoder: Found ffmpeg version "7.1.3"
[2026-06-01 16:25:31.241 +00:00] [INF] [4] MediaBrowser.MediaEncoding.Encoder.MediaEncoder: Available "decoders": ["libdav1d", "av1", "av1_cuvid", "av1_qsv", "h264", "h264_qsv", "h264_cuvid", "hevc", "hevc_qsv", "hevc_cuvid", "mpeg2video", "mpeg2_qsv", "mpeg2_cuvid", "mpeg4", "mpeg4_cuvid", "msmpeg4", "vc1_qsv", "vc1_cuvid", "vp8", "libvpx", "vp8_cuvid", "vp8_qsv", "vp9", "libvpx-vp9", "vp9_cuvid", "vp9_qsv", "aac", "ac3", "ac4", "dca", "flac", "mp3", "truehd"]
[2026-06-01 16:25:31.266 +00:00] [INF] [4] MediaBrowser.MediaEncoding.Encoder.MediaEncoder: Available "encoders": ["libsvtav1", "av1_nvenc", "av1_qsv", "av1_amf", "av1_vaapi", "libx264", "h264_amf", "h264_nvenc", "h264_qsv", "h264_v4l2m2m", "h264_vaapi", "libx265", "hevc_amf", "hevc_nvenc", "hevc_qsv", "hevc_vaapi", "mjpeg_qsv", "mjpeg_vaapi", "aac", "libfdk_aac", "ac3", "alac", "dca", "flac", "libmp3lame", "libopus", "truehd", "libvorbis", "srt"]
[2026-06-01 16:25:31.291 +00:00] [INF] [4] MediaBrowser.MediaEncoding.Encoder.MediaEncoder: Available filters: ["bwdif_cuda", "bwdif_opencl", "deinterlace_qsv", "deinterlace_vaapi", "flip_vulkan", "hwupload_cuda", "hwupload_vaapi", "libplacebo", "overlay_opencl", "overlay_qsv", "overlay_vaapi", "overlay_vulkan", "overlay_cuda", "procamp_vaapi", "scale_cuda", "scale_opencl", "scale_qsv", "scale_vaapi", "scale_vulkan", "tonemapx", "tonemap_cuda", "tonemap_opencl", "tonemap_vaapi", "transpose_cuda", "transpose_opencl", "transpose_vaapi", "transpose_vulkan", "vpp_qsv", "yadif_cuda", "yadif_opencl", "zscale", "alphasrc"]
[2026-06-01 16:25:31.640 +00:00] [INF] [4] MediaBrowser.MediaEncoding.Encoder.MediaEncoder: Available hwaccel types: ["cuda", "vaapi", "qsv", "drm", "opencl", "vulkan"]
[2026-06-01 16:25:34.159 +00:00] [INF] [11] Emby.Server.Implementations.ScheduledTasks.TaskManager: "Clean Transcode Directory" Completed after 0 minute(s) and 0 seconds
[2026-06-01 16:25:34.167 +00:00] [INF] [10] Emby.Server.Implementations.ScheduledTasks.TaskManager: "Clean up collections and playlists" Completed after 0 minute(s) and 0 seconds
[2026-06-01 16:25:34.898 +00:00] [INF] [4] MediaBrowser.MediaEncoding.Encoder.MediaEncoder: FFmpeg: "/usr/lib/jellyfin-ffmpeg/ffmpeg"
[2026-06-01 16:25:34.900 +00:00] [INF] [4] Emby.Server.Implementations.ApplicationHost: ServerId: "f2994a9d9cdb40ccbb20b773c42361ac"
[2026-06-01 16:25:34.900 +00:00] [INF] [4] Emby.Server.Implementations.ApplicationHost: Core startup complete
[2026-06-01 16:25:34.900 +00:00] [INF] [4] Main: Startup complete 0:00:09.3886283
[2026-06-01 16:25:37.263 +00:00] [INF] [11] Emby.Server.Implementations.ScheduledTasks.TaskManager: "Update Plugins" Completed after 0 minute(s) and 3 seconds
[2026-06-01 17:25:31.155 +00:00] [INF] [64] Emby.Server.Implementations.ScheduledTasks.TaskManager: "Clean Cache Directory" Completed after 0 minute(s) and 0 seconds
[2026-06-01 17:25:31.155 +00:00] [INF] [68] Emby.Server.Implementations.ScheduledTasks.TaskManager: "Download missing subtitles" Completed after 0 minute(s) and 0 seconds
[2026-06-01 17:25:31.179 +00:00] [INF] [64] Emby.Server.Implementations.ScheduledTasks.TaskManager: "Clean Transcode Directory" Completed after 0 minute(s) and 0 seconds
[2026-06-01 17:25:31.179 +00:00] [INF] [81] Emby.Server.Implementations.ScheduledTasks.TaskManager: "Audio Normalization" Completed after 0 minute(s) and 0 seconds
[2026-06-01 17:25:31.203 +00:00] [INF] [68] Emby.Server.Implementations.ScheduledTasks.TaskManager: "Clean Log Directory" Completed after 0 minute(s) and 0 seconds
[2026-06-01 17:25:31.204 +00:00] [INF] [64] Emby.Server.Implementations.ScheduledTasks.Tasks.OptimizeDatabaseTask: Optimizing and vacuuming jellyfin.db...
[2026-06-01 17:25:31.251 +00:00] [INF] [81] Emby.Server.Implementations.ScheduledTasks.TaskManager: "Media Segment Scan" Completed after 0 minute(s) and 0 seconds
[2026-06-01 17:25:31.301 +00:00] [INF] [81] Emby.Server.Implementations.Library.LibraryManager: Validating media library
[2026-06-01 17:25:31.330 +00:00] [INF] [67] Emby.Server.Implementations.ScheduledTasks.TaskManager: "Download missing lyrics" Completed after 0 minute(s) and 0 seconds
[2026-06-01 17:25:31.393 +00:00] [INF] [64] Jellyfin.Database.Providers.Sqlite.SqliteDatabaseProvider: jellyfin.db optimized successfully!
[2026-06-01 17:25:31.393 +00:00] [INF] [64] Emby.Server.Implementations.ScheduledTasks.TaskManager: "Optimize database" Completed after 0 minute(s) and 0 seconds
[2026-06-01 17:25:31.418 +00:00] [INF] [68] Emby.Server.Implementations.Library.LibraryManager: People validation complete
[2026-06-01 17:25:31.446 +00:00] [WRN] [68] Microsoft.EntityFrameworkCore.Query: The query uses a row limiting operator ('Skip'/'Take') without an 'OrderBy' operator. This may lead to unpredictable results. If the 'Distinct' operator is used after 'OrderBy', then make sure to use the 'OrderBy' operator after 'Distinct' as the ordering would otherwise get erased.
[2026-06-01 17:25:31.459 +00:00] [INF] [68] Emby.Server.Implementations.ScheduledTasks.TaskManager: "Refresh People" Completed after 0 minute(s) and 0 seconds
[2026-06-01 17:25:31.513 +00:00] [INF] [64] Emby.Server.Implementations.ScheduledTasks.TaskManager: "TasksRefreshChannels" Completed after 0 minute(s) and 0 seconds
[2026-06-01 17:25:31.741 +00:00] [WRN] [81] MediaBrowser.Controller.Entities.BaseItem: Library folder "/config/data/playlists" is inaccessible or empty, skipping
[2026-06-01 17:25:31.776 +00:00] [WRN] [81] MediaBrowser.Controller.Entities.BaseItem: Library folder "/config/data/playlists" is inaccessible or empty, skipping
[2026-06-01 17:25:32.084 +00:00] [INF] [81] Emby.Server.Implementations.ScheduledTasks.TaskManager: "Scan Media Library" Completed after 0 minute(s) and 0 seconds
[2026-06-01 17:25:34.452 +00:00] [INF] [66] Jellyfin.LiveTv.Guide.GuideManager: Refreshing guide with 7 days of guide data
[2026-06-01 17:25:34.469 +00:00] [INF] [66] Emby.Server.Implementations.ScheduledTasks.TaskManager: "Refresh Guide" Completed after 0 minute(s) and 3 seconds
[2026-06-01 17:25:34.861 +00:00] [INF] [81] Emby.Server.Implementations.ScheduledTasks.TaskManager: "Update Plugins" Completed after 0 minute(s) and 3 seconds
[2026-06-01 18:00:33.313 +00:00] [INF] [54] Emby.Server.Implementations.AppBase.BaseConfigurationManager: Saving system configuration
[2026-06-01 18:00:33.315 +00:00] [INF] [54] Emby.Server.Implementations.AppBase.BaseConfigurationManager: Setting cache path: "/cache"
[2026-06-01 18:00:33.357 +00:00] [WRN] [53] Jellyfin.Server.Implementations.Users.UserManager: No users, creating one with username "root"
[2026-06-01 18:00:33.615 +00:00] [WRN] [53] Microsoft.EntityFrameworkCore.Query: The query uses the 'First'/'FirstOrDefault' operator without 'OrderBy' and filter operators. This may lead to unpredictable results.
[2026-06-01 18:05:17.846 +00:00] [WRN] [45] MediaBrowser.Controller.Entities.BaseItem: Library folder "/media/movies" is inaccessible or empty, skipping
[2026-06-01 18:05:17.846 +00:00] [WRN] [45] MediaBrowser.Controller.Entities.BaseItem: Library folder "/config/data/playlists" is inaccessible or empty, skipping
[2026-06-01 18:06:24.374 +00:00] [WRN] [47] MediaBrowser.Controller.Entities.BaseItem: Library folder "/media/movies" is inaccessible or empty, skipping
[2026-06-01 18:06:24.374 +00:00] [WRN] [47] MediaBrowser.Controller.Entities.BaseItem: Library folder "/media/tv" is inaccessible or empty, skipping
[2026-06-01 18:06:24.374 +00:00] [WRN] [47] MediaBrowser.Controller.Entities.BaseItem: Library folder "/config/data/playlists" is inaccessible or empty, skipping
[2026-06-01 18:06:33.405 +00:00] [INF] [41] Emby.Server.Implementations.AppBase.BaseConfigurationManager: Saving system configuration
[2026-06-01 18:06:33.406 +00:00] [INF] [41] Emby.Server.Implementations.AppBase.BaseConfigurationManager: Setting cache path: "/cache"
[2026-06-01 18:06:37.566 +00:00] [INF] [41] Jellyfin.Networking.Manager.NetworkManager: Defined LAN subnets: ["127.0.0.1/8", "10.0.0.0/8", "172.16.0.0/12", "192.168.0.0/16"]
[2026-06-01 18:06:37.566 +00:00] [INF] [41] Jellyfin.Networking.Manager.NetworkManager: Defined LAN exclusions: []
[2026-06-01 18:06:37.566 +00:00] [INF] [41] Jellyfin.Networking.Manager.NetworkManager: Used LAN subnets: ["127.0.0.1/8", "10.0.0.0/8", "172.16.0.0/12", "192.168.0.0/16"]
[2026-06-01 18:06:37.567 +00:00] [INF] [41] Jellyfin.Networking.Manager.NetworkManager: Filtered interface addresses: ["127.0.0.1", "172.19.0.2"]
[2026-06-01 18:06:37.567 +00:00] [INF] [41] Jellyfin.Networking.Manager.NetworkManager: Bind Addresses ["0.0.0.0"]
[2026-06-01 18:06:37.567 +00:00] [INF] [41] Jellyfin.Networking.Manager.NetworkManager: Remote IP filter is "Allowlist"
[2026-06-01 18:06:37.567 +00:00] [INF] [41] Jellyfin.Networking.Manager.NetworkManager: Filtered subnets: []
[2026-06-01 18:06:41.050 +00:00] [INF] [46] Emby.Server.Implementations.AppBase.BaseConfigurationManager: Saving system configuration
[2026-06-01 18:06:41.051 +00:00] [INF] [46] Emby.Server.Implementations.AppBase.BaseConfigurationManager: Setting cache path: "/cache"
[2026-06-01 18:06:41.052 +00:00] [INF] [47] Emby.Server.Implementations.Library.LibraryManager: Validating media library
[2026-06-01 18:06:41.060 +00:00] [WRN] [47] MediaBrowser.Controller.Entities.BaseItem: Library folder "/media/movies" is inaccessible or empty, skipping
[2026-06-01 18:06:41.060 +00:00] [WRN] [47] MediaBrowser.Controller.Entities.BaseItem: Library folder "/media/tv" is inaccessible or empty, skipping
[2026-06-01 18:06:41.060 +00:00] [WRN] [47] MediaBrowser.Controller.Entities.BaseItem: Library folder "/config/data/playlists" is inaccessible or empty, skipping
[2026-06-01 18:06:41.089 +00:00] [WRN] [46] MediaBrowser.Controller.Entities.BaseItem: Library folder "/media/movies" is inaccessible or empty, skipping
[2026-06-01 18:06:41.089 +00:00] [WRN] [46] MediaBrowser.Controller.Entities.BaseItem: Library folder "/media/tv" is inaccessible or empty, skipping
[2026-06-01 18:06:41.089 +00:00] [WRN] [46] MediaBrowser.Controller.Entities.BaseItem: Library folder "/config/data/playlists" is inaccessible or empty, skipping
[2026-06-01 18:06:41.098 +00:00] [INF] [46] Emby.Server.Implementations.ScheduledTasks.TaskManager: "Scan Media Library" Completed after 0 minute(s) and 0 seconds
[2026-06-01 18:06:45.496 +00:00] [INF] [41] Jellyfin.Server.Implementations.Users.UserManager: Authentication request for "Admin" has succeeded.
[2026-06-01 18:06:45.497 +00:00] [INF] [41] Emby.Server.Implementations.Session.SessionManager: Current/Max sessions for user "Admin": 0/0
[2026-06-01 18:06:45.499 +00:00] [INF] [41] Emby.Server.Implementations.Session.SessionManager: Creating new access token for user bc3256e0-71e8-4cdf-b336-7b4610af3a29
[2026-06-01 18:06:45.734 +00:00] [INF] [44] Emby.Server.Implementations.HttpServer.WebSocketManager: WS "192.168.10.58" request
